BEGIN;
CREATE EXTENSION anon CASCADE;
-- This should RAISE NOTICE
SELECT anon.detect();
NOTICE:  The dictionnary of identifiers is not present.
HINT:  You probably need to run 'SELECT anon.init()' 
 detect 
--------
(0 rows)

-- INIT
SELECT anon.init();
 init 
------
 t
(1 row)

CREATE TABLE customer (
  id SERIAL,
  firstname TEXT,
  last_name TEXT,
  "CreditCard" TEXT
);
CREATE TABLE vendor (
  employee_id INTEGER UNIQUE,
  "Firstname" TEXT,
  lastname TEXT,
  phone_number TEXT,
  birth DATE
);
CREATE TABLE vendeur (
  identifiant INTEGER UNIQUE,
  "Prenom" TEXT,
  nom TEXT,
  telephone TEXT,
  date_naissance DATE
);
SELECT anon.detect() IS NOT NULL LIMIT 1;
 ?column? 
----------
 t
(1 row)

SELECT count(*) = 6  FROM anon.detect('fr_FR');
 ?column? 
----------
 t
(1 row)

SELECT count(*) = 5  FROM anon.detect('en_US');
 ?column? 
----------
 t
(1 row)

SELECT count(*) = 0  FROM anon.detect('fnkgfdlg,sdkf,vkvsld');
 ?column? 
----------
 t
(1 row)

ROLLBACK;
