--
-- CREATE_MISC
--
-- CLASS POPULATION
--	(any resemblance to real life is purely coincidental)
--
INSERT INTO tenk2 SELECT * FROM tenk1;
SELECT * INTO TABLE onek2 FROM onek;
INSERT INTO fast_emp4000 SELECT * FROM slow_emp4000;